# åŸºæœ¬å‘½ä»¤æ•´ç†

## æ‰€æœ‰å‘½ä»¤
DB methods
```bash
db.help()
```
All commands
```bash
help
```

## æ•°æ®åº“
### åˆ›å»º
é€šè¿‡ `use [database name]` æŒ‡å®šåå¹¶å‘è¿™ä¸ªæ•°æ®åº“ä¸­çš„ `collection` æ’å…¥æ•°æ®å³å¯åˆ›å»ºæ”¹æ•°æ®åº“
```bash
use noteTest
db.user.insert({userId: '0000001', name: 'sven', age: 99, email: 'tester@test.com'})
```
### åˆ é™¤
åˆ é™¤å½“å‰æ•°æ®åº“
```bash
> db
noteTest2
> db.dropDatabase()
{ "dropped" : "noteTest2", "ok" : 1 }
> show dbs
```

### é‡å‘½å
```bash
> use admin
switched to db admin
> db.runCommand({renameCollection: 'noteTest2.user', to: 'noteTest3.user'})
{ "ok" : 1 }
> show dbs
admin      0.000GB
config     0.000GB
local      0.000GB
noteTest   0.000GB
noteTest2  0.000GB
noteTest3  0.000GB
```

## æ–‡æ¡£
### [insert](http://www.mongoing.com/docs/tutorial/insert-documents.html)
- `db.dbName.insertOne(doc)`
- `db.dbName.insertMany(docArray)`
- `db.dbName.insert(doc | docArray)`
```bash
> db.user.insert({userId: "kjalkjdlkfadf"})
WriteResult({ "nInserted" : 1 })
> db.user.find()
{ "_id" : ObjectId("5a7c17bb534c9917fa65b055"), "userId" : "lkjakjdlkf" }
{ "_id" : ObjectId("5a7cefd0d2e901b5b865f12d"), "userId" : "kjalkjdlkfadf" }
```

- ä½¿ç”¨å˜é‡æ’å…¥
```bash
> var testDoc = {userId: 'lkajkljfdjs'}
> testDoc
{ "userId" : "lkajkljfdjs" }
> db.user.insert(testDoc)
WriteResult({ "nInserted" : 1 })
```

### update
> ä½¿ç”¨ `save` å¹¶æŒ‡å®š `_id` æ—¶ä¸ºæ›´æ–°æ”¹æ¡æ•°æ®  
ä¸æŒ‡å®š `_id` æ—¶ä¸ `insert` ç›¸åŒ

```bash
> db.user.save({_id: ObjectId('5a7c17bb534c9917fa65b055'), userId: 'test'})
WriteResult({ "nMatched" : 1, "nUpserted" : 0, "nModified" : 1 })
```

### [select](http://www.mongoing.com/docs/tutorial/query-documents.html)
æŸ¥è¯¢æ¡ä»¶
- $eq
- $ne
- $lt
- $lte
- $gt
- $gte
- $in
- $nin

é€»è¾‘è¿ç®—ç¬¦
- $and
- $or
- $not
- $nor  
```bash
> db.user.find()
{ "_id" : ObjectId("5a7c16df534c9917fa65b053"), "userId" : "iuioweuir" }
{ "_id" : ObjectId("5a7d488f62e8c226bbf9ce6f"), "userId" : 1 }
{ "_id" : ObjectId("5a7d488f62e8c226bbf9ce70"), "userId" : 2 }
{ "_id" : ObjectId("5a7d488f62e8c226bbf9ce71"), "userId" : 3 }
> db.user.find({'$nor': [{userId: 1}, {userId: 3}]})
{ "_id" : ObjectId("5a7c16df534c9917fa65b053"), "userId" : "iuioweuir" }
{ "_id" : ObjectId("5a7d488f62e8c226bbf9ce70"), "userId" : 2 }
```

å­—æ®µ
- $exists
- $type

è®¡ç®—/åŒ¹é…
- $mod
åŒ¹é…å­—æ®µå€¼å¯¹ 3 å–æ¨¡ï¼Œå€¼ç­‰äº 0 çš„æ–‡æ¡£
```bash
> db.user.find({'modTest': {'$mod': [3, 0]}})
{ "_id" : ObjectId("5a7d4c8e62e8c226bbf9ce72"), "modTest" : 0 }
{ "_id" : ObjectId("5a7d4c8e62e8c226bbf9ce75"), "modTest" : 3 }
{ "_id" : ObjectId("5a7d4c8e62e8c226bbf9ce78"), "modTest" : 6 }
{ "_id" : ObjectId("5a7d4c8e62e8c226bbf9ce7b"), "modTest" : 9 }
```
- $regex [doc](http://www.mongoing.com/docs/reference/operator/query/regex.html#regex)
- $text [doc](http://www.mongoing.com/docs/reference/operator/query/text.html#text)
- $where
```bash
> db.user.find({$where: function () {return this.modTest > 6}})
{ "_id" : ObjectId("5a7d4c8e62e8c226bbf9ce79"), "modTest" : 7 }
{ "_id" : ObjectId("5a7d4c8e62e8c226bbf9ce7a"), "modTest" : 8 }
{ "_id" : ObjectId("5a7d4c8e62e8c226bbf9ce7b"), "modTest" : 9 }
```

Array
- $all
- $elemMatch
```bash
db.user.find({ results: { $elemMatch: { $gte: 80, $lt: 85 } } })
```
- $size

å…¶å®ƒ
- [Geospatial](http://www.mongoing.com/docs/reference/operator/query.html#geospatial)
- [Bitwise](http://www.mongoing.com/docs/reference/operator/query.html#bitwise)
- [Comments](http://www.mongoing.com/docs/reference/operator/query.html#comments)
- [ProjectionOperators](http://www.mongoing.com/docs/reference/operator/query.html#projection-operators)

### udpate [ğŸ“š](http://www.mongoing.com/docs/reference/method/db.collection.update.html)
- update(http://www.mongoing.com/docs/reference/method/db.collection.update.html#db-collection-update)
`db.dbName.udpate(query, update, options)`
    - update å‚æ•° [ğŸ“ƒ](https://docs.mongodb.com/manual/reference/operator/update/)
        - $set
```bash
> db.user.update({sliceTest: '???'}, {$set: {abc: 'def'}})
WriteResult({ "nMatched" : 1, "nUpserted" : 0, "nModified" : 1 })
> db.user.find()
{ "_id" : ObjectId("5a7d5e9c1601de4921bc55a2"), "sliceTest" : "???", "abc" : "def" }
> db.user.update({_id: ObjectId("5a7d4c8e62e8c226bbf9ce74")}, {$set: {'sliceTest.0': 10086}})
WriteResult({
	"nMatched" : 0,
	"nUpserted" : 0,
	"nModified" : 0,
	"writeError" : {
		"code" : 52,
		"errmsg" : "The dollar ($) prefixed field '$set' in 'sliceTest.$set' is not valid for storage."
	}
})
> db.user.find({_id: ObjectId("5a7d4c8e62e8c226bbf9ce74")})
{ "_id" : ObjectId("5a7d4c8e62e8c226bbf9ce74"), "sliceTest" : [ 10086, 3, 4, 1 ] }
```
        - $inc
```bash
> db.user.update({userId: 2}, {$inc: {userId: 4}})
WriteResult({ "nMatched" : 1, "nUpserted" : 0, "nModified" : 1 })
> db.user.find()
{ "_id" : ObjectId("5a7d488f62e8c226bbf9ce70"), "userId" : 6 }
```
        - $addToSet  
            è¡¨ç¤ºè¦æ’å…¥çš„å€¼å¦‚æœå­˜åœ¨åˆ™ä¸æ’å…¥
        - ...
    - options å‚æ•°
        - upsert
        - multi
        - ...
- updateOne
- updateMany
- replaceOne











